// Jest Snapshot v1, https://goo.gl/fbAQLP

exports[`RegisterForm Component matches snapshot 1`] = `
<DocumentFragment>
  <section
    class="min-h-screen flex items-center justify-center bg-cover bg-center bg-[url(/assets/bgLoginRegister.png)]"
  >
    <div
      class="max-w-md mx-auto p-8 bg-[#ECFDF5] shadow-md rounded-3xl border border-green-300 backdrop-blur-lg bg-opacity-80"
    >
      <h2
        class="text-3xl font-bold text-center text-[#064E3B] mb-2"
      >
        Registro de Usuario
      </h2>
      <form
        class="space-y-4"
      >
        <label
          class="block text-[#059669] text-sm font-medium"
          for="name"
        >
          Nombre Completo
        </label>
        <input
          class="w-full p-3 border border-[#A7F3D0] rounded-lg"
          id="name"
          name="name"
          placeholder="Nombre Completo"
          type="text"
        />
        <label
          class="block text-[#059669] text-sm font-medium"
          for="email"
        >
          Correo Electrónico
        </label>
        <input
          class="w-full p-3 border border-[#A7F3D0] rounded-lg"
          id="email"
          name="email"
          placeholder="Correo Electrónico"
          type="email"
        />
        <label
          class="block text-[#059669] text-sm font-medium"
          for="address"
        >
          Dirección
        </label>
        <input
          class="w-full p-3 border border-[#A7F3D0] rounded-lg"
          id="address"
          name="address"
          placeholder="Dirección"
          type="text"
        />
        <label
          class="block text-[#059669] text-sm font-medium"
          for="cp"
        >
          Código Postal
        </label>
        <input
          class="w-full p-3 border border-[#A7F3D0] rounded-lg"
          id="cp"
          name="postalCode"
          placeholder="Código Postal"
          type="text"
        />
        <label
          class="block text-[#059669] text-sm font-medium"
          for="password"
        >
          Contraseña
        </label>
        <input
          class="w-full p-3 border border-[#A7F3D0] rounded-lg"
          id="password"
          name="password"
          placeholder="Contraseña"
          type="password"
        />
        <label
          class="block text-[#059669] text-sm font-medium"
          for="confirmPassword"
        >
          Confirmar Contraseña
        </label>
        <input
          class="w-full p-3 border border-[#A7F3D0] rounded-lg"
          id="confirmPassword"
          name="confirmPassword"
          placeholder="Confirmar Contraseña"
          type="password"
        />
        <p
          class="text-xs text-[#059669] text-center mt-4"
        >
          Al Registrarte, aceptas nuestros 
          <a
            class="text-green-700 underline"
            href="#"
          >
            Terminos de servicio
          </a>
           y 
          <a
            class="text-green-700 underline"
            href="#"
          >
            Políticas de Privacidad
          </a>
          .
        </p>
        <button
          class="bg-teal-500 text-white p-2 rounded hover:bg-teal-600 hover:text-white cursor-pointer transition w-full"
          type="submit"
        >
          Registrarse
        </button>
      </form>
    </div>
  </section>
</DocumentFragment>
`;
